I'm sorry, but errors were detected in your script. Please correct the
errors listed below, and try again.


File "game/code/script.rpy", line 147: end of line expected.
    "Guia da floresta" "Sim, o lugar certo fica a um tempinho daqui"]
                                                                    ^

Ren'Py Version: Ren'Py 7.3.5.606
Sat May 23 22:37:40 2020
